#-----------------------------------------------------------
# Vivado v2023.2 (64-bit)
# SW Build 4029153 on Fri Oct 13 20:14:34 MDT 2023
# IP Build 4028589 on Sat Oct 14 00:45:43 MDT 2023
# SharedData Build 4025554 on Tue Oct 10 17:18:54 MDT 2023
# Start of session at: Tue May 21 03:46:47 2024
# Process ID: 28148
# Current directory: C:/Users/andy1/repos/award-winning-fydp/fpga
# Command line: vivado.exe -mode tcl -source C:/Users/andy1/repos/award-winning-fydp/fpga/scripts/compile.tcl -journal C:/Users/andy1/repos/award-winning-fydp/fpga/output/2024-05-21_03-46-45/log/vivado_2024-05-21_03-46-45.jou -log C:/Users/andy1/repos/award-winning-fydp/fpga/output/2024-05-21_03-46-45/log/vivado_2024-05-21_03-46-45.log
# Log file: C:/Users/andy1/repos/award-winning-fydp/fpga/output/2024-05-21_03-46-45/log/vivado_2024-05-21_03-46-45.log
# Journal file: C:/Users/andy1/repos/award-winning-fydp/fpga/output/2024-05-21_03-46-45/log/vivado_2024-05-21_03-46-45.jou
# Running On: anderson_xps_15, OS: Windows, CPU Frequency: 2995 MHz, CPU Physical cores: 14, Host memory: 34014 MB
#-----------------------------------------------------------
source C:/Users/andy1/repos/award-winning-fydp/fpga/scripts/compile.tcl
